app/admin/page.tsx(1641,7): error TS1005: ')' expected.
app/admin/page.tsx(1712,5): error TS1128: Declaration or statement expected.
app/admin/page.tsx(1713,3): error TS1109: Expression expected.
